2000-02-14 00:00:00 SMAStrategy [INFO]: BUY at $62.19 (balance $1000.00)
2000-03-30 00:00:00 SMAStrategy [INFO]: SELL at $78.44 (balance $378.12)
2000-04-06 00:00:00 SMAStrategy [INFO]: BUY at $82.19 (balance $1162.50)
2000-04-11 00:00:00 SMAStrategy [INFO]: SELL at $77.38 (balance $340.62)
2000-04-27 00:00:00 SMAStrategy [INFO]: BUY at $77.31 (balance $1114.38)
2000-05-03 00:00:00 SMAStrategy [INFO]: SELL at $75.81 (balance $341.25)
2000-05-05 00:00:00 SMAStrategy [INFO]: BUY at $76.81 (balance $1099.38)
2000-05-08 00:00:00 SMAStrategy [INFO]: SELL at $72.31 (balance $331.25)
2000-05-12 00:00:00 SMAStrategy [INFO]: BUY at $74.19 (balance $1054.38)
2000-05-18 00:00:00 SMAStrategy [INFO]: SELL at $73.06 (balance $312.50)
2000-05-30 00:00:00 SMAStrategy [INFO]: BUY at $74.19 (balance $1043.12)
2000-06-23 00:00:00 SMAStrategy [INFO]: SELL at $79.50 (balance $301.25)
2000-06-26 00:00:00 SMAStrategy [INFO]: BUY at $82.69 (balance $1096.25)
2000-06-29 00:00:00 SMAStrategy [INFO]: SELL at $80.88 (balance $269.38)
2000-06-30 00:00:00 SMAStrategy [INFO]: BUY at $84.06 (balance $1078.12)
2000-07-03 00:00:00 SMAStrategy [INFO]: SELL at $80.19 (balance $237.50)
2000-07-20 00:00:00 SMAStrategy [INFO]: BUY at $78.12 (balance $1039.38)
2000-07-21 00:00:00 SMAStrategy [INFO]: SELL at $75.44 (balance $258.12)
2000-07-26 00:00:00 SMAStrategy [INFO]: BUY at $76.75 (balance $1012.50)
2000-07-27 00:00:00 SMAStrategy [INFO]: SELL at $75.06 (balance $245.00)
2000-08-03 00:00:00 SMAStrategy [INFO]: BUY at $77.44 (balance $995.62)
2000-09-11 00:00:00 SMAStrategy [INFO]: SELL at $83.44 (balance $221.25)
2000-11-30 00:00:00 SMAStrategy [INFO]: BUY at $26.50 (balance $1055.62)
2000-12-29 00:00:00 SMAStrategy [INFO]: SELL at $29.06 (balance $790.62)
